// Jest Snapshot v1, https://goo.gl/fbAQLP

exports[`snapshot test: OfferScreen component should render correctly 1`] = `
<div
  className="page"
>
  <div />
  <main
    className="page__main page__main--property"
  >
    <section
      className="property"
    >
      <div
        className="property__gallery-container container"
      >
        <div
          className="property__gallery"
        >
          <div
            className="property__image-wrapper"
            key="photo"
          >
            <img
              alt="Place photo"
              className="property__image"
              src="photo"
            />
          </div>
        </div>
      </div>
      <div
        className="property__container container"
      >
        <div
          className="property__wrapper"
        >
          <div
            className="property__name-wrapper"
          >
            <h1
              className="property__name"
            >
              Paper place
            </h1>
            <BookmarkButton
              blockClassName="property"
              isActive={false}
              isBig={true}
              onClick={[Function]}
            />
          </div>
          <StarRating
            blockClassName="property"
            isValueShown={true}
            value={4}
          />
          <ul
            className="property__features"
          >
            <li
              className="property__feature property__feature--entire"
            >
              Room
            </li>
            <li
              className="property__feature property__feature--bedrooms"
            >
              4
               Bedrooms
            </li>
            <li
              className="property__feature property__feature--adults"
            >
              Max 
              4
               adults
            </li>
          </ul>
          <div
            className="property__price"
          >
            <b
              className="property__price-value"
            >
              €
              4
            </b>
            <span
              className="property__price-text"
            >
               night
            </span>
          </div>
          <div
            className="property__inside"
          >
            <h2
              className="property__inside-title"
            >
              What's inside
            </h2>
            <ul
              className="property__inside-list"
            >
              <li
                className="property__inside-item"
                key="coffee machine"
              >
                coffee machine
              </li>
            </ul>
          </div>
          <div
            className="property__host"
          >
            <h2
              className="property__host-title"
            >
              Meet the host
            </h2>
            <div
              className="property__host-user user"
            >
              <div
                className="property__avatar-wrapper  user__avatar-wrapper"
              >
                <img
                  alt="Host photo"
                  className="property__avatar user__avatar"
                  height="74"
                  src="photo"
                  width="74"
                />
              </div>
              <span
                className="property__user-name"
              >
                Host
              </span>
            </div>
            <div
              className="property__description"
            >
              <p
                className="property__text"
              >
                Lots of paper
              </p>
            </div>
          </div>
          <ReviewList
            authorizationStatus="UNAUTHORIZED"
            isReviewFormDisabled={false}
            onReviewFormSubmit={[Function]}
            reviews={
              Array [
                Object {
                  "date": "2020-04-04",
                  "id": "4",
                  "rating": 4,
                  "text": "Good",
                  "user": Object {
                    "name": "User",
                    "photo": "photo",
                  },
                },
              ]
            }
          />
        </div>
      </div>
      <WithMarkers
        activeMarkerCoordinates={
          Array [
            Array [
              4,
              4,
            ],
          ]
        }
        blockClassName="property"
        centerCoordinates={
          Array [
            4,
            4,
          ]
        }
        markerCoordinates={
          Array [
            Array [
              4,
              4,
            ],
          ]
        }
        zoom={4}
      />
    </section>
    <div
      className="container"
    >
      <section
        className="near-places places"
      >
        <h2
          className="near-places__title"
        >
          Other places in the neighbourhood
        </h2>
        <OfferList
          blockClassName="near-places"
          offers={
            Array [
              Object {
                "id": "4",
                "isFavorite": false,
                "isPremium": false,
                "location": Object {
                  "coordinates": Array [
                    4,
                    4,
                  ],
                },
                "mainPhoto": "photo",
                "name": "Paper place",
                "price": 4,
                "rating": 4,
                "type": "room",
              },
            ]
          }
          onOfferCardBookmarkButtonClick={[Function]}
          onOfferCardMouseEnter={[Function]}
          onOfferCardMouseLeave={[Function]}
        />
      </section>
    </div>
  </main>
</div>
`;
