// Jest Snapshot v1, https://goo.gl/fbAQLP

exports[`snapshot test: App component should render correctly 1`] = `
<Main
  offers={
    Array [
      Object {
        "id": "4",
        "isFavorite": false,
        "isPremium": false,
        "name": "Paper place",
        "photo": Object {
          "alt": "Place photo",
          "src": "img/room.jpg",
        },
        "price": 400,
        "rating": 4,
        "type": "room",
      },
    ]
  }
/>
`;
