// Jest Snapshot v1, https://goo.gl/fbAQLP

exports[`snapshot test: OfferList component should render correctly 1`] = `
<div
  className="block__places-list places__list"
>
  <OfferCard
    blockClassName="block"
    id="4"
    isFavorite={false}
    isPremium={false}
    key="4"
    mainPhoto="photo"
    name="Paper place"
    onMouseEnter={[Function]}
    onMouseLeave={[Function]}
    onNameClick={[Function]}
    price={4}
    rating={4}
    type="room"
  />
</div>
`;
